[www.adroit-immo.com/index.html]
[backblue.gif]
[fade.gif]
[index.html]
[www.adroit-immo.com/images/favicon.png]
[www.adroit-immo.com/images/logo_og.png]
[www.adroit-immo.com/images/logo_twittercard.png]
[www.adroit-immo.com/js/main.min5849.js]
[www.adroit-immo.com/js/vendors/vendors.min5849.js]
[www.adroit-immo.com/css/screen5849.css]
[www.adroit-immo.com/estimation0b46.html]
[www.adroit-immo.com/selection.html]
[www.adroit-immo.com/images/logoSite.png]
[www.adroit-immo.com/vente/1.html]
[www.adroit-immo.com/location/1.html]
[www.adroit-immo.com/gestion-location.html]
[www.adroit-immo.com/transaction.html]
[www.adroit-immo.com/garantie-loyers-impayes.html]
[www.adroit-immo.com/proprietaire-non-occupant.html]
[www.adroit-immo.com/contact.html]
[www.adroit-immo.com/alerte-email.html]
[www.adroit-immo.com/estimationec2b.html]
[www.adroit-immo.com/estimation.html]
[www.adroit-immo.com/nous-confier-gestion-votre-bien.html]
[www.adroit-immo.com/vente/1-marmande/maison/t5/173-en-exclusivite-charme-de-l-ancien/index.html]
[www.adroit-immo.com/admin/espace_client.html]
[www.adroit-immo.com/images/modules/partners/fnaim.png]
[www.adroit-immo.com/images/modules/partners/interkab.png]
[www.adroit-immo.com/honoraires.html]
[www.adroit-immo.com/plan-du-site.html]
[www.adroit-immo.com/mentions-legales.html]
[www.adroit-immo.com/nos-liens.html]
[www.adroit-immo.com/politique-cookies.html]
[www.adroit-immo.com/index.html]
[www.adroit-immo.com/css/fonts/font-cityscand41d.eot]
[www.adroit-immo.com/css/fonts/font-cityscan.woff]
[www.adroit-immo.com/css/fonts/font-cityscan.woff2]
[www.adroit-immo.com/css/fonts/font-cityscan.ttf]
[www.adroit-immo.com/css/fonts/font-cityscan2d41d.eot]
[www.adroit-immo.com/css/fonts/font-cityscan2.woff]
[www.adroit-immo.com/css/fonts/font-cityscan2.woff2]
[www.adroit-immo.com/css/fonts/font-cityscan2.ttf]
[www.adroit-immo.com/images/default-skin.png]
[www.adroit-immo.com/images/modules/cro/1.jpg]
[www.adroit-immo.com/images/modules/alertmail/1.jpg]
[www.adroit-immo.com/images/modules/contact/1.jpg]
[www.adroit-immo.com/images/modules/estimation/2.jpg]
[www.adroit-immo.com/images/modules/estimation/1_inner.jpg]
[www.adroit-immo.com/images/modules/estimation/1.jpg]
[www.adroit-immo.com/images/modules/favorites/1.jpg]
[www.adroit-immo.com/images/modules/team/1.jpg]
[www.adroit-immo.com/images/modules/header/1.jpg]
[www.adroit-immo.com/images/modules/interkab/home.v1.png]
[www.adroit-immo.com/images/modules/interkab/interkab_avendre_white.png]
[www.adroit-immo.com/images/modules/interkab/interkab_vendu_white.png]
[www.adroit-immo.com/images/modules/interkab/interkab_avendre.png]
[www.adroit-immo.com/images/modules/interkab/interkab_vendu.png]
[www.adroit-immo.com/images/modules/interkab/2.jpg]
[www.adroit-immo.com/images/interkab_bg_inner_v2.png]
[www.adroit-immo.com/images/bg-module-interkab.png]
[www.adroit-immo.com/images/modules/jumbotron/5.jpg]
[www.adroit-immo.com/images/modules/map-svg/2.jpg]
[www.adroit-immo.com/images/modules/map-svg/3.png]
[www.adroit-immo.com/images/modules/map/1.jpg]
[www.adroit-immo.com/images/modules/news/1.jpg]
[www.adroit-immo.com/images/modules/opinions/1.jpg]
[www.adroit-immo.com/images/modules/services/1.jpg]
[www.adroit-immo.com/images/modules/services/2.jpg]
[www.adroit-immo.com/images/modules/jumbotron/1.jpg]
[www.adroit-immo.com/images/modules/jumbotron/2.jpg]
[www.adroit-immo.com/images/modules/jumbotron/3.jpg]
[www.adroit-immo.com/images/modules/jumbotron/4.jpg]
[www.adroit-immo.com/css/screen5849.css]
[www.adroit-immo.com/estimation0b46.html]
[www.adroit-immo.com/selection.html]
[www.adroit-immo.com/vente/171-virazeil/immeuble/153-virazeil-ensemble-immobilier-de-rapport.html]
[www.adroit-immo.com/vente/1-marmande/immeuble/58-immeuble-avec-un-rapport-de-9.html]
[www.adroit-immo.com/vente/1-marmande/immeuble/1.html]
[www.adroit-immo.com/vente/171-virazeil/immeuble/1.html]
[www.adroit-immo.com/vente/1.html]
[www.adroit-immo.com/location/1-marmande/appartement/t3/195-marmande-exceptionel-trois-pieces-dans-immeuble-de-standing/index.html]
[www.adroit-immo.com/location/1-marmande/studio/192-marmande-exceptionel-studio-dans-immeuble-de-standing.html]
[www.adroit-immo.com/location/1.html]
[www.adroit-immo.com/gestion-location.html]
[www.adroit-immo.com/transaction.html]
[www.adroit-immo.com/garantie-loyers-impayes.html]
[www.adroit-immo.com/proprietaire-non-occupant.html]
[www.adroit-immo.com/contact.html]
[www.adroit-immo.com/alerte-email.html]
[www.adroit-immo.com/estimationec2b.html]
[www.adroit-immo.com/estimation.html]
[www.adroit-immo.com/location/1-marmande/appartement/t2/186-marmande-exceptionel-deux-pieces-dans-immeuble-de-standing/index.html]
[www.adroit-immo.com/location/1-marmande/appartement/t3/185-marmande-exceptionnel-trois-pieces-dans-immeuble-de-standing/index.html]
[www.adroit-immo.com/location/1-marmande/appartement/t1/191-marmande-exceptionel-t1-bis-dans-immeuble-de-standing/index.html]
[www.adroit-immo.com/vente/1-marmande/1.html]
[www.adroit-immo.com/vente/1-marmande/maison/1.html]
[www.adroit-immo.com/vente/1-marmande/maison/t5/1.html]
[www.adroit-immo.com/admin/dpe4dc5.php]
[www.adroit-immo.com/admin/dpe0a4d.php]
[www.adroit-immo.com/admin/dpee842.php]
[www.adroit-immo.com/admin/dpef397.php]
[www.adroit-immo.com/vente/1-marmande/maison/t5/173-en-exclusivite-charme-de-l-ancien/index.html]
[www.adroit-immo.com/nous-confier-gestion-votre-bien.html]
[www.adroit-immo.com/admin/espace_client.html]
[www.adroit-immo.com/honoraires.html]
[www.adroit-immo.com/assurances.html]
[www.adroit-immo.com/plan-du-site.html]
[www.adroit-immo.com/mentions-legales.html]
[www.adroit-immo.com/admin/index.html]
[www.adroit-immo.com/nos-liens.html]
[www.adroit-immo.com/politique-cookies.html]
[www.adroit-immo.com/css/fonts/font-cityscan.svg]
[www.adroit-immo.com/css/fonts/font-cityscan2.svg]
[www.adroit-immo.com/fonts/font-cityscan5e54.html]
[www.adroit-immo.com/fonts/font-cityscan5e54-2.html]
[www.adroit-immo.com/fonts/font-cityscan5e54-3.html]
[www.adroit-immo.com/fonts/font-cityscan5e54-4.html]
[www.adroit-immo.com/fonts/font-cityscan2796d.html]
[www.adroit-immo.com/fonts/font-cityscan2796d-2.html]
[www.adroit-immo.com/fonts/font-cityscan2796d-3.html]
[www.adroit-immo.com/fonts/font-cityscan2796d-4.html]
[www.adroit-immo.com/css/preloader.html]
[www.adroit-immo.com/images/modules/agency-home/1.html]
[www.adroit-immo.com/images/modules/agency/1.html]
[www.adroit-immo.com/images/modules/events/1.html]
[www.adroit-immo.com/images/bg-module-interkab-black.html]
[www.adroit-immo.com/images/modules/jestimo/1.html]
[www.adroit-immo.com/images/modules/newsletter/1.html]
[www.adroit-immo.com/images/flag/de.html]
[www.adroit-immo.com/images/flag/dk.html]
[www.adroit-immo.com/images/flag/en.html]
[www.adroit-immo.com/images/flag/es.html]
[www.adroit-immo.com/images/flag/fr.html]
[www.adroit-immo.com/images/flag/it.html]
[www.adroit-immo.com/images/flag/nl.html]
[www.adroit-immo.com/images/flag/no.html]
[www.adroit-immo.com/images/flag/pt.html]
[www.adroit-immo.com/images/flag/ru.html]
[www.adroit-immo.com/images/flag/se.html]
[www.adroit-immo.com/vente/171-virazeil/1.html]
[www.adroit-immo.com/admin/dpea946.php]
[www.adroit-immo.com/admin/dpe64bb.php]
[www.adroit-immo.com/admin/dpe2a04.php]
[www.adroit-immo.com/admin/dpec57e.php]
[www.adroit-immo.com/vente/171-virazeil/immeuble/153-virazeil-ensemble-immobilier-de-rapport.html]
[www.adroit-immo.com/admin/dpe3019.php]
[www.adroit-immo.com/admin/dpeff30.php]
[www.adroit-immo.com/admin/dpe948e.php]
[www.adroit-immo.com/admin/dpe9cd0.php]
[www.adroit-immo.com/vente/1-marmande/immeuble/58-immeuble-avec-un-rapport-de-9.html]
[www.adroit-immo.com/vente/1-marmande/immeuble/1.html]
[www.adroit-immo.com/vente/171-virazeil/immeuble/1.html]
[www.adroit-immo.com/location/1-marmande/1.html]
[www.adroit-immo.com/location/1-marmande/appartement/1.html]
[www.adroit-immo.com/location/1-marmande/appartement/t3/1.html]
[www.adroit-immo.com/admin/dpe651e.php]
[www.adroit-immo.com/admin/dpeb273.php]
[www.adroit-immo.com/admin/dpebcec.php]
[www.adroit-immo.com/admin/dpebb80.php]
[www.adroit-immo.com/location/1-marmande/appartement/t3/195-marmande-exceptionel-trois-pieces-dans-immeuble-de-standing/index.html]
[www.adroit-immo.com/admin/dpe7c6e.php]
[www.adroit-immo.com/admin/dpe98c6.php]
[www.adroit-immo.com/admin/dpe47b4.php]
[www.adroit-immo.com/admin/dpe7916.php]
[www.adroit-immo.com/location/1-marmande/studio/192-marmande-exceptionel-studio-dans-immeuble-de-standing.html]
[www.adroit-immo.com/location/1-marmande/appartement/t1/1.html]
[www.adroit-immo.com/admin/dpef2d7.php]
[www.adroit-immo.com/admin/dpe4f93.php]
[www.adroit-immo.com/admin/dpe5e9d.php]
[www.adroit-immo.com/admin/dpe23af.php]
[www.adroit-immo.com/location/1-marmande/appartement/t1/191-marmande-exceptionel-t1-bis-dans-immeuble-de-standing/index.html]
[www.adroit-immo.com/location/1-marmande/appartement/t2/1.html]
[www.adroit-immo.com/admin/dped41d.php]
[www.adroit-immo.com/admin/dpee11a.php]
[www.adroit-immo.com/admin/dpeb73e.php]
[www.adroit-immo.com/admin/dpe867a.php]
[www.adroit-immo.com/location/1-marmande/appartement/t2/186-marmande-exceptionel-deux-pieces-dans-immeuble-de-standing/index.html]
[www.adroit-immo.com/admin/dpe59f7.php]
[www.adroit-immo.com/admin/dpe7008.php]
[www.adroit-immo.com/admin/dpe77fa.php]
[www.adroit-immo.com/admin/dpe349c.php]
[www.adroit-immo.com/location/1-marmande/appartement/t3/185-marmande-exceptionnel-trois-pieces-dans-immeuble-de-standing/index.html]
[www.adroit-immo.com/vente/1-marmande/1.html]
[www.adroit-immo.com/vente/1-marmande/maison/1.html]
[www.adroit-immo.com/vente/1-marmande/maison/t5/1.html]
[www.adroit-immo.com/assurances.html]
[www.adroit-immo.com/vente/171-virazeil/1.html]
[www.adroit-immo.com/location/1-marmande/studio/1.html]
[www.adroit-immo.com/location/1-marmande/1.html]
[www.adroit-immo.com/location/1-marmande/appartement/1.html]
[www.adroit-immo.com/location/1-marmande/appartement/t3/1.html]
[www.adroit-immo.com/location/1-marmande/appartement/t1/1.html]
[www.adroit-immo.com/location/1-marmande/appartement/t2/1.html]
[www.adroit-immo.com/location/1-marmande/studio/1.html]
